Starting org.bukkit.craftbukkit.Main
2026-10-09T15:16:34.491669625Z ServerMain WARN Advanced terminal features are not available in this environment
[23:16:34 INFO]: [bootstrap] Running Java 25 (Java HotSpot(TM) 64-Bit Server VM 25.0.4.1+1-LTS-5; Oracle Corporation null) on Linux 7.0.0-38-generic (amd64)
[23:16:34 INFO]: [bootstrap] Loading Folia 26.2-7-ver/26.2.x@14b7fee (2026-08-25T13:29:28Z) for Minecraft 26.2
[23:16:34 INFO]: [PluginInitializerManager] Initializing plugins...
[23:16:34 INFO]: [PluginInitializerManager] Initialized 2 plugins
[23:16:34 INFO]: [PluginInitializerManager] Bukkit plugins (2):
 - Shopkeepers (2.28.2-SNAPSHOT+2def75f), ShopkeepersFoliaProbe (1.0.0)
WARNING: A terminally deprecated method in sun.misc.Unsafe has been called
WARNING: sun.misc.Unsafe::objectFieldOffset has been called by org.joml.MemUtil$MemUtilUnsafe (file:/tmp/shopkeepers-folia-harness/server/libraries/org/joml/joml/1.10.8/joml-1.10.8.jar)
WARNING: Please consider reporting this to the maintainers of class org.joml.MemUtil$MemUtilUnsafe
WARNING: sun.misc.Unsafe::objectFieldOffset will be removed in a future release
[23:16:38 INFO]: [ca.spottedleaf.dataconverter.minecraft.datatypes.MCTypeRegistry] Initialising converters for DataConverter...
[23:16:39 INFO]: Environment: Environment[sessionHost=https://sessionserver.mojang.com, servicesHost=https://api.minecraftservices.com, profilesHost=https://api.mojang.com, name=PROD]
[23:16:39 INFO]: [ca.spottedleaf.dataconverter.minecraft.datatypes.MCTypeRegistry] Finished initialising converters for DataConverter in 467.1ms
[23:16:40 INFO]: Loaded 1585 recipes
[23:16:41 INFO]: Loaded 1688 advancements
[23:16:41 INFO]: Starting minecraft server version 26.2
[23:16:41 INFO]: Loading properties
[23:16:41 INFO]: This server is running Folia version 26.2-7-ver/26.2.x@14b7fee (2026-08-25T13:29:28Z) (Implementing API version 26.2.build.7-beta)
[23:16:41 INFO]: [spark] This server bundles the spark profiler. For more information please visit https://docs.papermc.io/paper/profiling
[23:16:41 INFO]: Server Ping Player Sample Count: 12
[23:16:41 INFO]: Using 4 threads for Netty based IO
[23:16:41 INFO]: [MoonriseCommon] Paper is using 5 worker threads, 1 I/O threads
[23:16:41 INFO]: [io.papermc.paper.threadedregions.TickRegions] Initialised EDF Folia scheduler with initial 2 target thread(s)
[23:16:41 INFO]: Default game type: SURVIVAL
[23:16:41 INFO]: Generating keypair
[23:16:41 INFO]: Starting Minecraft server on 127.0.0.1:25682
[23:16:41 INFO]: Paper: Using libdeflate (Linux x86_64) compression from Velocity.
[23:16:41 INFO]: Paper: Using OpenSSL 3.x.x (Linux x86_64) cipher from Velocity.
[23:16:42 INFO]: [Shopkeepers] Loading server plugin Shopkeepers v2.28.2-SNAPSHOT+2def75f
[23:16:42 INFO]: [Shopkeepers] Compatibility provider loaded: 26_2_R1_paper
[23:16:42 INFO]: [Shopkeepers] Paper compatibility provider loaded.
[23:16:42 INFO]: [Shopkeepers] Loading config.
[23:16:42 INFO]: [Shopkeepers] Loading language file: language-en-default.yml
[23:16:42 INFO]: [Shopkeepers] Registering defaults.
[23:16:43 INFO]: [Shopkeepers] Loaded all plugin classes (351 ms).
[23:16:43 INFO]: [ShopkeepersFoliaProbe] Loading server plugin ShopkeepersFoliaProbe v1.0.0
[23:16:43 WARN]: **** SERVER IS RUNNING IN OFFLINE/INSECURE MODE!
[23:16:43 WARN]: The server will make no attempt to authenticate usernames. Beware.
[23:16:43 WARN]: While this makes the game possible to play without internet access, it also opens up the ability for hackers to connect with any username they choose.
[23:16:43 WARN]: To change this, set "online-mode" to "true" in the server.properties file.
[23:16:43 INFO]: Preparing level "probe_world"
[23:16:43 INFO]: Loading 0 persistent chunks for level 'minecraft:overworld'...
[23:16:43 INFO]: Prepared spawn area in 0 ms
[23:16:43 INFO]: Loading 0 persistent chunks for level 'minecraft:the_nether'...
[23:16:43 INFO]: Prepared spawn area in 0 ms
[23:16:43 INFO]: Loading 0 persistent chunks for level 'minecraft:the_end'...
[23:16:43 INFO]: Prepared spawn area in 0 ms
[23:16:43 INFO]: Done preparing level "probe_world" (0.338s)
[23:16:43 INFO]: [Shopkeepers] Enabling Shopkeepers v2.28.2-SNAPSHOT+2def75f
[23:16:43 INFO]: [Shopkeepers] Loading the data of 4 shopkeepers ...
[23:16:43 WARN]: [Shopkeepers] A tick based delay or timer was scheduled with a time span of 0 ticks. The server is already processing the current tick and, as such, won't process new tasks in less than 1 tick. FoliaLib will automatically change time spans of <= 0 ticks to 1 tick going forward. This warning is purely informative and won't impact the operation of the plugin. Plugin developers can disable this warning or enable debug mode to location the source of this warning.
[23:16:43 INFO]: [ShopkeepersFoliaProbe] Enabling ShopkeepersFoliaProbe v1.0.0
[23:16:43 INFO]: [ShopkeepersFoliaProbe] PROBE PASS enable thread=Server thread player-free probe; trade interaction is NOT tested
[23:16:43 INFO]: [spark] The spark plugin has been preferred but was not loaded. The bundled spark profiler will enabled instead.
[23:16:43 INFO]: [spark] The spark profiler will not be enabled because it is currently disabled in the configuration.
[23:16:43 INFO]: Saving chunks for level 'ServerLevel[probe_world]'/minecraft:overworld
[23:16:43 INFO]: Saving chunks for level 'ServerLevel[probe_world]'/minecraft:the_nether
[23:16:43 INFO]: Saving chunks for level 'ServerLevel[probe_world]'/minecraft:the_end
[23:16:43 INFO]: ThreadedAnvilChunkStorage (world): All chunks are saved
[23:16:43 INFO]: ThreadedAnvilChunkStorage (DIM-1): All chunks are saved
[23:16:43 INFO]: ThreadedAnvilChunkStorage (DIM1): All chunks are saved
[23:16:43 INFO]: ThreadedAnvilChunkStorage: All dimensions are saved
[23:16:43 INFO]: Done (9.584s)! For help, type "help"
[23:16:43 INFO]: [ShopkeepersFoliaProbe] PROBE PASS global-dispatch thread=Folia Region Scheduler Thread #1 phase=cold-reload distance=8192 blocks per axis
[23:16:43 INFO]: [ShopkeepersFoliaProbe] PROBE PASS region-ticket-r0 thread=Folia Region Scheduler Thread #0 chunk=0,0
[23:16:43 INFO]: [ShopkeepersFoliaProbe] PROBE PASS region-ticket-r1 thread=Folia Region Scheduler Thread #1 chunk=512,512
[23:16:43 INFO]: [ShopkeepersFoliaProbe] PROBE PASS cold-reload-r0-s0 thread=Folia Region Scheduler Thread #0 uuid=34b48671-aada-483c-8b22-b058bbc5dc6f deleted=false
[23:16:43 INFO]: [ShopkeepersFoliaProbe] PROBE PASS cold-reload-r1-s0 thread=Folia Region Scheduler Thread #1 uuid=465ae582-68b7-4d1a-a9b6-292ed31aaa5f deleted=false
[23:16:43 INFO]: [ShopkeepersFoliaProbe] PROBE PASS cold-reload-r0-s1 thread=Folia Region Scheduler Thread #0 uuid=feedb367-6871-46ca-a10c-1796265b32d5 deleted=false
[23:16:43 INFO]: [ShopkeepersFoliaProbe] PROBE PASS cold-reload-r1-s1 thread=Folia Region Scheduler Thread #1 uuid=97c1cce1-26bc-4a39-90ab-b5857ccd0a9f deleted=false
[23:16:43 INFO]: [ShopkeepersFoliaProbe] PROBE PASS cold-reload-r0-s2 thread=Folia Region Scheduler Thread #0 uuid=b6d653f6-27ab-43aa-b694-c00b727efe73 deleted=true
[23:16:43 INFO]: [ShopkeepersFoliaProbe] PROBE PASS cold-reload-r1-s2 thread=Folia Region Scheduler Thread #1 uuid=631ece05-9825-475d-9194-0d78a97f7cae deleted=true
[23:16:45 INFO]: [ShopkeepersFoliaProbe] PROBE PASS cold-reload-live-villagers-r1 thread=Folia Region Scheduler Thread #1 two live villagers on owning region
[23:16:45 INFO]: [ShopkeepersFoliaProbe] PROBE PASS cold-reload-live-villagers-r0 thread=Folia Region Scheduler Thread #0 two live villagers on owning region
[23:16:45 INFO]: [ShopkeepersFoliaProbe] PROBE PASS RELOAD_COMPLETE thread=Folia Region Scheduler Thread #0 failures=0; trades NOT tested
[23:16:45 INFO]: Stopping the server
[23:16:45 INFO]: [RegionShutdownThread] Awaiting scheduler termination for 60s...
[23:16:45 INFO]: [RegionShutdownThread] Scheduler halted
[23:16:45 INFO]: Stopping server
[23:16:45 INFO]: [ShopkeepersFoliaProbe] Disabling ShopkeepersFoliaProbe v1.0.0
[23:16:45 INFO]: [Shopkeepers] Disabling Shopkeepers v2.28.2-SNAPSHOT+2def75f
[23:16:45 INFO]: [RegionShutdownThread] Halting chunk systems...
[23:16:45 INFO]: [ChunkHolderManager] Waiting 60s for chunk system to halt for world 'minecraft:overworld'
[23:16:45 INFO]: [ChunkHolderManager] Halted chunk system for world 'minecraft:overworld'
[23:16:45 INFO]: [ChunkHolderManager] Waiting 60s for chunk system to halt for world 'minecraft:the_nether'
[23:16:45 INFO]: [ChunkHolderManager] Halted chunk system for world 'minecraft:the_nether'
[23:16:45 INFO]: [ChunkHolderManager] Waiting 60s for chunk system to halt for world 'minecraft:the_end'
[23:16:45 INFO]: [ChunkHolderManager] Halted chunk system for world 'minecraft:the_end'
[23:16:45 INFO]: [RegionShutdownThread] Halted chunk systems
[23:16:45 INFO]: [RegionShutdownThread] Finishing pending teleports...
[23:16:45 INFO]: [RegionShutdownThread] Finished pending teleports
[23:16:45 INFO]: [RegionShutdownThread] Saving all worlds
[23:16:45 INFO]: [RegionShutdownThread] Saving world data for world 'minecraft:overworld'
[23:16:45 INFO]: [RegionShutdownThread] Closing player inventories...
[23:16:45 INFO]: [RegionShutdownThread] Closed player inventories
[23:16:45 INFO]: [RegionShutdownThread] Saving chunks...
[23:16:45 INFO]: [RegionShutdownThread] Saving chunks around region around chunk [0, 0] in world 'probe_world'
[23:16:45 INFO]: [ChunkHolderManager] Saved 25 block chunks, 25 entity chunks, 0 poi chunks in world 'minecraft:overworld' in 0.01s
[23:16:45 INFO]: [RegionShutdownThread] Saving chunks around region around chunk [512, 512] in world 'probe_world'
[23:16:45 INFO]: [ChunkHolderManager] Saved 25 block chunks, 25 entity chunks, 0 poi chunks in world 'minecraft:overworld' in 0.03s
[23:16:45 INFO]: [ChunkHolderManager] Waiting 60s for chunk I/O to halt for world 'minecraft:overworld'
[23:16:45 INFO]: [ChunkHolderManager] Halted I/O scheduler for world 'minecraft:overworld'
[23:16:45 INFO]: [RegionShutdownThread] Saved chunks
[23:16:45 INFO]: [RegionShutdownThread] Saving level data...
[23:16:45 INFO]: [RegionShutdownThread] Saved level data
[23:16:45 INFO]: [RegionShutdownThread] Saved world data for world 'minecraft:overworld'
[23:16:45 INFO]: [RegionShutdownThread] Saving world data for world 'minecraft:the_nether'
[23:16:45 INFO]: [RegionShutdownThread] Closing player inventories...
[23:16:45 INFO]: [RegionShutdownThread] Closed player inventories
[23:16:45 INFO]: [RegionShutdownThread] Saving chunks...
[23:16:45 INFO]: [RegionShutdownThread] Saved chunks
[23:16:45 INFO]: [RegionShutdownThread] Saving level data...
[23:16:45 INFO]: [RegionShutdownThread] Saved level data
[23:16:45 INFO]: [RegionShutdownThread] Saved world data for world 'minecraft:the_nether'
[23:16:45 INFO]: [RegionShutdownThread] Saving world data for world 'minecraft:the_end'
[23:16:45 INFO]: [RegionShutdownThread] Closing player inventories...
[23:16:45 INFO]: [RegionShutdownThread] Closed player inventories
[23:16:45 INFO]: [RegionShutdownThread] Saving chunks...
[23:16:45 INFO]: [RegionShutdownThread] Saved chunks
[23:16:45 INFO]: [RegionShutdownThread] Saving level data...
[23:16:45 INFO]: [RegionShutdownThread] Saved level data
[23:16:45 INFO]: [RegionShutdownThread] Saved world data for world 'minecraft:the_end'
[23:16:45 INFO]: [RegionShutdownThread] Saved all worlds
[23:16:45 INFO]: [RegionShutdownThread] Saving global world data...
[23:16:45 INFO]: [RegionShutdownThread] Saved global world data.
[23:16:45 INFO]: [RegionShutdownThread] Saving all player data...
[23:16:45 INFO]: [RegionShutdownThread] Saved all player data
[23:16:45 INFO]: Waiting for all RegionFile I/O tasks to complete...
[23:16:45 INFO]: All RegionFile I/O tasks to complete
[23:16:45 INFO]: [MoonriseCommon] Awaiting termination of worker pool for up to 60s...
[23:16:45 INFO]: [MoonriseCommon] Awaiting termination of I/O pool for up to 60s...
